C51 COMPILER V9.60.0.0   KEYS                                                              11/27/2019 20:10:25 PAGE 1   


C51 COMPILER V9.60.0.0, COMPILATION OF MODULE KEYS
OBJECT MODULE PLACED IN keys.OBJ
COMPILER INVOKED BY: C:\Keil_v5\C51\BIN\C51.EXE keys.c OPTIMIZE(8,SPEED) BROWSE DEBUG OBJECTEXTEND CODE SYMBOLS TABS(2)

line level    source

   1          #define __keys_c
   2          #include "includeAll.h"
   3          //=============================================================================
   4          void GetKeys() {
   5   1        static uint8_t tempKeyValue = D_keyNull;
   6   1      //按键口 P10 设为上拉输入
   7   1        P1MODL = 0xa8;
   8   1        _nop_();
   9   1        _nop_();
  10   1        _nop_();
  11   1        _nop_();
  12   1        _nop_();
  13   1        if (P_key1 == 0) {
  14   2            tempKeyValue = D_keyValue1;
  15   2        } else {
  16   2          keyValue = tempKeyValue;
  17   2          tempKeyValue = D_keyNull;
  18   2        }
  19   1        //按键口P10，恢复为输出
  20   1        P1MODL = 0xaa;
  21   1      }  
C51 COMPILER V9.60.0.0   KEYS                                                              11/27/2019 20:10:25 PAGE 2   

ASSEMBLY LISTING OF GENERATED OBJECT CODE


             ; FUNCTION GetKeys (BEGIN)
                                           ; SOURCE LINE # 4
                                           ; SOURCE LINE # 7
0000 75A2A8            MOV     P1MODL,#0A8H
                                           ; SOURCE LINE # 8
0003 00                NOP     
                                           ; SOURCE LINE # 9
0004 00                NOP     
                                           ; SOURCE LINE # 10
0005 00                NOP     
                                           ; SOURCE LINE # 11
0006 00                NOP     
                                           ; SOURCE LINE # 12
0007 00                NOP     
                                           ; SOURCE LINE # 13
0008 209005            JB      P1_0,?C0001
                                           ; SOURCE LINE # 14
000B 750001      R     MOV     tempKeyValue,#01H
                                           ; SOURCE LINE # 15
000E 8006              SJMP    ?C0002
0010         ?C0001:
                                           ; SOURCE LINE # 16
0010 850000      R     MOV     keyValue,tempKeyValue
                                           ; SOURCE LINE # 17
0013 E4                CLR     A
0014 F500        R     MOV     tempKeyValue,A
                                           ; SOURCE LINE # 18
0016         ?C0002:
                                           ; SOURCE LINE # 20
0016 75A2AA            MOV     P1MODL,#0AAH
                                           ; SOURCE LINE # 21
0019 22                RET     
             ; FUNCTION GetKeys (END)

C51 COMPILER V9.60.0.0   KEYS                                                              11/27/2019 20:10:25 PAGE 3   

NAME                                    CLASS   MSPACE  TYPE    OFFSET  SIZE
====                                    =====   ======  ====    ======  ====


uint16_t . . . . . . . . . . . . . . .  TYPEDEF  -----  U_INT    -----  2
P0 . . . . . . . . . . . . . . . . . .  SFR      DATA   U_CHAR   0080H  1
P1 . . . . . . . . . . . . . . . . . .  SFR      DATA   U_CHAR   0090H  1
P2 . . . . . . . . . . . . . . . . . .  SFR      DATA   U_CHAR   00A0H  1
P3 . . . . . . . . . . . . . . . . . .  SFR      DATA   U_CHAR   00B0H  1
int32_t. . . . . . . . . . . . . . . .  TYPEDEF  -----  LONG     -----  4
int16_t. . . . . . . . . . . . . . . .  TYPEDEF  -----  INT      -----  2
IE . . . . . . . . . . . . . . . . . .  SFR      DATA   U_CHAR   00A8H  1
P1_0 . . . . . . . . . . . . . . . . .  ABSBIT   -----  BIT      0090H  1
IP . . . . . . . . . . . . . . . . . .  SFR      DATA   U_CHAR   00B8H  1
AUX1 . . . . . . . . . . . . . . . . .  SFR      DATA   U_CHAR   00F8H  1
P1MODL . . . . . . . . . . . . . . . .  SFR      DATA   U_CHAR   00A2H  1
SCON . . . . . . . . . . . . . . . . .  SFR      DATA   U_CHAR   0098H  1
TCON . . . . . . . . . . . . . . . . .  SFR      DATA   U_CHAR   0088H  1
CLKCON . . . . . . . . . . . . . . . .  SFR      DATA   U_CHAR   00D8H  1
GetKeys. . . . . . . . . . . . . . . .  PUBLIC   CODE   PROC     0000H  -----
  tempKeyValue . . . . . . . . . . . .  STATIC   DATA   U_CHAR   0000H  1
keyValue . . . . . . . . . . . . . . .  PUBLIC   DATA   U_CHAR   0001H  1
uint8_t. . . . . . . . . . . . . . . .  TYPEDEF  -----  U_CHAR   -----  1
int8_t . . . . . . . . . . . . . . . .  TYPEDEF  -----  CHAR     -----  1
T2CON. . . . . . . . . . . . . . . . .  SFR      DATA   U_CHAR   00C8H  1
PSW. . . . . . . . . . . . . . . . . .  SFR      DATA   U_CHAR   00D0H  1
uint32_t . . . . . . . . . . . . . . .  TYPEDEF  -----  U_LONG   -----  4


MODULE INFORMATION:   STATIC OVERLAYABLE
   CODE SIZE        =     26    ----
   CONSTANT SIZE    =   ----    ----
   XDATA SIZE       =   ----    ----
   PDATA SIZE       =   ----    ----
   DATA SIZE        =      2    ----
   IDATA SIZE       =   ----    ----
   BIT SIZE         =   ----    ----
END OF MODULE INFORMATION.


C51 COMPILATION COMPLETE.  0 WARNING(S),  0 ERROR(S)
